--- Starting post-start.sh at Sun Aug  2 15:27:21 UTC 2026 ---
Already up to date.
Defaulting to user installation because normal site-packages is not writeable
Collecting discord.py (from -r requirements.txt (line 1))
  Downloading discord_py-2.7.1-py3-none-any.whl.metadata (7.5 kB)
Collecting python-dotenv (from -r requirements.txt (line 2))
  Downloading python_dotenv-1.2.2-py3-none-any.whl.metadata (27 kB)
Collecting google-genai (from -r requirements.txt (line 3))
  Downloading google_genai-2.16.0-py3-none-any.whl.metadata (56 kB)
     ━━━━━━━━━━━━━━━━━━━━━━━━━━━━━━━━━━━━━━━━ 56.4/56.4 kB 3.4 MB/s eta 0:00:00
Collecting aiohttp<4,>=3.7.4 (from discord.py->-r requirements.txt (line 1))
  Downloading aiohttp-3.14.3-cp311-cp311-manylinux2014_x86_64.manylinux_2_17_x86_64.manylinux_2_28_x86_64.whl.metadata (8.3 kB)
Collecting anyio<5.0.0,>=4.8.0 (from google-genai->-r requirements.txt (line 3))
  Downloading anyio-4.14.2-py3-none-any.whl.metadata (4.6 kB)
Collecting google-auth<3.0.0,>=2.56.0 (from google-auth[requests]<3.0.0,>=2.56.0->google-genai->-r requirements.txt (line 3))
  Downloading google_auth-2.56.2-py3-none-any.whl.metadata (6.0 kB)
Collecting httpx<1.0.0,>=0.28.1 (from google-genai->-r requirements.txt (line 3))
  Downloading httpx-0.28.1-py3-none-any.whl.metadata (7.1 kB)
Collecting pydantic<3.0.0,>=2.12.5 (from google-genai->-r requirements.txt (line 3))
  Downloading pydantic-2.13.4-py3-none-any.whl.metadata (109 kB)
     ━━━━━━━━━━━━━━━━━━━━━━━━━━━━━━━━━━━━━━━ 109.4/109.4 kB 1.4 MB/s eta 0:00:00
Collecting requests<3.0.0,>=2.28.1 (from google-genai->-r requirements.txt (line 3))
  Downloading requests-2.34.2-py3-none-any.whl.metadata (4.8 kB)
Collecting tenacity<9.2.0,>=8.2.3 (from google-genai->-r requirements.txt (line 3))
  Downloading tenacity-9.1.4-py3-none-any.whl.metadata (1.2 kB)
Collecting websockets<17.0,>=13.0.0 (from google-genai->-r requirements.txt (line 3))
  Downloading websockets-16.1.1-cp311-cp311-manylinux1_x86_64.manylinux_2_28_x86_64.manylinux_2_5_x86_64.whl.metadata (6.8 kB)
Collecting typing-extensions<5.0.0,>=4.14.0 (from google-genai->-r requirements.txt (line 3))
  Downloading typing_extensions-4.16.0-py3-none-any.whl.metadata (3.3 kB)
Collecting distro<2,>=1.7.0 (from google-genai->-r requirements.txt (line 3))
  Downloading distro-1.9.0-py3-none-any.whl.metadata (6.8 kB)
Collecting sniffio (from google-genai->-r requirements.txt (line 3))
  Downloading sniffio-1.3.1-py3-none-any.whl.metadata (3.9 kB)
Collecting aiohappyeyeballs>=2.5.0 (from aiohttp<4,>=3.7.4->discord.py->-r requirements.txt (line 1))
  Downloading aiohappyeyeballs-2.7.1-py3-none-any.whl.metadata (5.9 kB)
Collecting aiosignal>=1.4.0 (from aiohttp<4,>=3.7.4->discord.py->-r requirements.txt (line 1))
  Downloading aiosignal-1.4.0-py3-none-any.whl.metadata (3.7 kB)
Collecting attrs>=17.3.0 (from aiohttp<4,>=3.7.4->discord.py->-r requirements.txt (line 1))
  Downloading attrs-26.1.0-py3-none-any.whl.metadata (8.8 kB)
Collecting frozenlist>=1.1.1 (from aiohttp<4,>=3.7.4->discord.py->-r requirements.txt (line 1))
  Downloading frozenlist-1.8.0-cp311-cp311-manylinux1_x86_64.manylinux_2_28_x86_64.manylinux_2_5_x86_64.whl.metadata (20 kB)
Collecting multidict<7.0,>=4.5 (from aiohttp<4,>=3.7.4->discord.py->-r requirements.txt (line 1))
  Downloading multidict-6.7.1-cp311-cp311-manylinux2014_x86_64.manylinux_2_17_x86_64.manylinux_2_28_x86_64.whl.metadata (5.3 kB)
Collecting propcache>=0.2.0 (from aiohttp<4,>=3.7.4->discord.py->-r requirements.txt (line 1))
  Downloading propcache-0.5.2-cp311-cp311-manylinux2014_x86_64.manylinux_2_17_x86_64.manylinux_2_28_x86_64.whl.metadata (16 kB)
Collecting yarl<2.0,>=1.17.0 (from aiohttp<4,>=3.7.4->discord.py->-r requirements.txt (line 1))
  Downloading yarl-1.24.5-cp311-cp311-manylinux2014_x86_64.manylinux_2_17_x86_64.manylinux_2_28_x86_64.whl.metadata (103 kB)
     ━━━━━━━━━━━━━━━━━━━━━━━━━━━━━━━━━━━━━━━ 104.0/104.0 kB 5.2 MB/s eta 0:00:00
Collecting idna>=2.8 (from anyio<5.0.0,>=4.8.0->google-genai->-r requirements.txt (line 3))
  Downloading idna-3.18-py3-none-any.whl.metadata (6.1 kB)
Collecting pyasn1-modules>=0.2.1 (from google-auth<3.0.0,>=2.56.0->google-auth[requests]<3.0.0,>=2.56.0->google-genai->-r requirements.txt (line 3))
  Downloading pyasn1_modules-0.4.2-py3-none-any.whl.metadata (3.5 kB)
Collecting cryptography>=38.0.3 (from google-auth<3.0.0,>=2.56.0->google-auth[requests]<3.0.0,>=2.56.0->google-genai->-r requirements.txt (line 3))
  Downloading cryptography-50.0.0-cp311-abi3-manylinux_2_34_x86_64.whl.metadata (4.3 kB)
Collecting certifi (from httpx<1.0.0,>=0.28.1->google-genai->-r requirements.txt (line 3))
  Downloading certifi-2026.7.22-py3-none-any.whl.metadata (2.5 kB)
Collecting httpcore==1.* (from httpx<1.0.0,>=0.28.1->google-genai->-r requirements.txt (line 3))
  Downloading httpcore-1.0.9-py3-none-any.whl.metadata (21 kB)
Collecting h11>=0.16 (from httpcore==1.*->httpx<1.0.0,>=0.28.1->google-genai->-r requirements.txt (line 3))
  Downloading h11-0.16.0-py3-none-any.whl.metadata (8.3 kB)
Collecting annotated-types>=0.6.0 (from pydantic<3.0.0,>=2.12.5->google-genai->-r requirements.txt (line 3))
  Downloading annotated_types-0.8.0-py3-none-any.whl.metadata (15 kB)
Collecting pydantic-core==2.46.4 (from pydantic<3.0.0,>=2.12.5->google-genai->-r requirements.txt (line 3))
  Downloading pydantic_core-2.46.4-cp311-cp311-manylinux_2_17_x86_64.manylinux2014_x86_64.whl.metadata (6.6 kB)
Collecting typing-inspection>=0.4.2 (from pydantic<3.0.0,>=2.12.5->google-genai->-r requirements.txt (line 3))
  Downloading typing_inspection-0.4.2-py3-none-any.whl.metadata (2.6 kB)
Collecting charset_normalizer<4,>=2 (from requests<3.0.0,>=2.28.1->google-genai->-r requirements.txt (line 3))
  Downloading charset_normalizer-3.4.9-cp311-cp311-manylinux2014_x86_64.manylinux_2_17_x86_64.manylinux_2_28_x86_64.whl.metadata (41 kB)
     ━━━━━━━━━━━━━━━━━━━━━━━━━━━━━━━━━━━━━━━━ 41.7/41.7 kB 1.1 MB/s eta 0:00:00
Collecting urllib3<3,>=1.26 (from requests<3.0.0,>=2.28.1->google-genai->-r requirements.txt (line 3))
  Downloading urllib3-2.7.0-py3-none-any.whl.metadata (6.9 kB)
Collecting cffi>=2.0.0 (from cryptography>=38.0.3->google-auth<3.0.0,>=2.56.0->google-auth[requests]<3.0.0,>=2.56.0->google-genai->-r requirements.txt (line 3))
  Downloading cffi-2.1.0-cp311-cp311-manylinux2014_x86_64.manylinux_2_17_x86_64.whl.metadata (2.5 kB)
Collecting pyasn1<0.7.0,>=0.6.1 (from pyasn1-modules>=0.2.1->google-auth<3.0.0,>=2.56.0->google-auth[requests]<3.0.0,>=2.56.0->google-genai->-r requirements.txt (line 3))
  Downloading pyasn1-0.6.4-py3-none-any.whl.metadata (8.4 kB)
Collecting pycparser (from cffi>=2.0.0->cryptography>=38.0.3->google-auth<3.0.0,>=2.56.0->google-auth[requests]<3.0.0,>=2.56.0->google-genai->-r requirements.txt (line 3))
  Downloading pycparser-3.0-py3-none-any.whl.metadata (8.2 kB)
Downloading discord_py-2.7.1-py3-none-any.whl (1.2 MB)
   ━━━━━━━━━━━━━━━━━━━━━━━━━━━━━━━━━━━━━━━━ 1.2/1.2 MB 26.5 MB/s eta 0:00:00
Downloading python_dotenv-1.2.2-py3-none-any.whl (22 kB)
Downloading google_genai-2.16.0-py3-none-any.whl (1.1 MB)
   ━━━━━━━━━━━━━━━━━━━━━━━━━━━━━━━━━━━━━━━━ 1.1/1.1 MB 16.3 MB/s eta 0:00:00
Downloading aiohttp-3.14.3-cp311-cp311-manylinux2014_x86_64.manylinux_2_17_x86_64.manylinux_2_28_x86_64.whl (1.8 MB)
   ━━━━━━━━━━━━━━━━━━━━━━━━━━━━━━━━━━━━━━━━ 1.8/1.8 MB 12.7 MB/s eta 0:00:00
Downloading anyio-4.14.2-py3-none-any.whl (125 kB)
   ━━━━━━━━━━━━━━━━━━━━━━━━━━━━━━━━━━━━━━━━ 125.8/125.8 kB 13.2 MB/s eta 0:00:00
Downloading distro-1.9.0-py3-none-any.whl (20 kB)
Downloading google_auth-2.56.2-py3-none-any.whl (258 kB)
   ━━━━━━━━━━━━━━━━━━━━━━━━━━━━━━━━━━━━━━━━ 258.6/258.6 kB 9.9 MB/s eta 0:00:00
Downloading httpx-0.28.1-py3-none-any.whl (73 kB)
   ━━━━━━━━━━━━━━━━━━━━━━━━━━━━━━━━━━━━━━━━ 73.5/73.5 kB 4.8 MB/s eta 0:00:00
Downloading httpcore-1.0.9-py3-none-any.whl (78 kB)
   ━━━━━━━━━━━━━━━━━━━━━━━━━━━━━━━━━━━━━━━━ 78.8/78.8 kB 3.8 MB/s eta 0:00:00
Downloading pydantic-2.13.4-py3-none-any.whl (472 kB)
   ━━━━━━━━━━━━━━━━━━━━━━━━━━━━━━━━━━━━━━━━ 472.3/472.3 kB 10.2 MB/s eta 0:00:00
Downloading pydantic_core-2.46.4-cp311-cp311-manylinux_2_17_x86_64.manylinux2014_x86_64.whl (2.1 MB)
   ━━━━━━━━━━━━━━━━━━━━━━━━━━━━━━━━━━━━━━━━ 2.1/2.1 MB 17.5 MB/s eta 0:00:00
Downloading requests-2.34.2-py3-none-any.whl (73 kB)
   ━━━━━━━━━━━━━━━━━━━━━━━━━━━━━━━━━━━━━━━━ 73.1/73.1 kB 3.1 MB/s eta 0:00:00
Downloading tenacity-9.1.4-py3-none-any.whl (28 kB)
Downloading typing_extensions-4.16.0-py3-none-any.whl (45 kB)
   ━━━━━━━━━━━━━━━━━━━━━━━━━━━━━━━━━━━━━━━━ 45.6/45.6 kB 236.5 kB/s eta 0:00:00
Downloading websockets-16.1.1-cp311-cp311-manylinux1_x86_64.manylinux_2_28_x86_64.manylinux_2_5_x86_64.whl (186 kB)
   ━━━━━━━━━━━━━━━━━━━━━━━━━━━━━━━━━━━━━━━━ 186.9/186.9 kB 7.9 MB/s eta 0:00:00
Downloading sniffio-1.3.1-py3-none-any.whl (10 kB)
Downloading aiohappyeyeballs-2.7.1-py3-none-any.whl (15 kB)
Downloading aiosignal-1.4.0-py3-none-any.whl (7.5 kB)
Downloading annotated_types-0.8.0-py3-none-any.whl (13 kB)
Downloading attrs-26.1.0-py3-none-any.whl (67 kB)
   ━━━━━━━━━━━━━━━━━━━━━━━━━━━━━━━━━━━━━━━━ 67.5/67.5 kB 2.8 MB/s eta 0:00:00
Downloading certifi-2026.7.22-py3-none-any.whl (136 kB)
   ━━━━━━━━━━━━━━━━━━━━━━━━━━━━━━━━━━━━━━━━ 137.0/137.0 kB 4.9 MB/s eta 0:00:00
Downloading charset_normalizer-3.4.9-cp311-cp311-manylinux2014_x86_64.manylinux_2_17_x86_64.manylinux_2_28_x86_64.whl (221 kB)
   ━━━━━━━━━━━━━━━━━━━━━━━━━━━━━━━━━━━━━━━━ 221.3/221.3 kB 6.5 MB/s eta 0:00:00
Downloading cryptography-50.0.0-cp311-abi3-manylinux_2_34_x86_64.whl (4.7 MB)
   ━━━━━━━━━━━━━━━━━━━━━━━━━━━━━━━━━━━━━━━━ 4.7/4.7 MB 15.7 MB/s eta 0:00:00
Downloading frozenlist-1.8.0-cp311-cp311-manylinux1_x86_64.manylinux_2_28_x86_64.manylinux_2_5_x86_64.whl (231 kB)
   ━━━━━━━━━━━━━━━━━━━━━━━━━━━━━━━━━━━━━━━━ 231.1/231.1 kB 5.1 MB/s eta 0:00:00
Downloading idna-3.18-py3-none-any.whl (65 kB)
   ━━━━━━━━━━━━━━━━━━━━━━━━━━━━━━━━━━━━━━━━ 65.5/65.5 kB 4.2 MB/s eta 0:00:00
Downloading multidict-6.7.1-cp311-cp311-manylinux2014_x86_64.manylinux_2_17_x86_64.manylinux_2_28_x86_64.whl (246 kB)
   ━━━━━━━━━━━━━━━━━━━━━━━━━━━━━━━━━━━━━━━━ 246.3/246.3 kB 7.1 MB/s eta 0:00:00
Downloading propcache-0.5.2-cp311-cp311-manylinux2014_x86_64.manylinux_2_17_x86_64.manylinux_2_28_x86_64.whl (58 kB)
   ━━━━━━━━━━━━━━━━━━━━━━━━━━━━━━━━━━━━━━━━ 58.9/58.9 kB 1.9 MB/s eta 0:00:00
Downloading pyasn1_modules-0.4.2-py3-none-any.whl (181 kB)
   ━━━━━━━━━━━━━━━━━━━━━━━━━━━━━━━━━━━━━━━━ 181.3/181.3 kB 8.8 MB/s eta 0:00:00
Downloading typing_inspection-0.4.2-py3-none-any.whl (14 kB)
Downloading urllib3-2.7.0-py3-none-any.whl (131 kB)
   ━━━━━━━━━━━━━━━━━━━━━━━━━━━━━━━━━━━━━━━━ 131.1/131.1 kB 9.0 MB/s eta 0:00:00
Downloading yarl-1.24.5-cp311-cp311-manylinux2014_x86_64.manylinux_2_17_x86_64.manylinux_2_28_x86_64.whl (111 kB)
   ━━━━━━━━━━━━━━━━━━━━━━━━━━━━━━━━━━━━━━━━ 111.9/111.9 kB 5.6 MB/s eta 0:00:00
Downloading cffi-2.1.0-cp311-cp311-manylinux2014_x86_64.manylinux_2_17_x86_64.whl (217 kB)
   ━━━━━━━━━━━━━━━━━━━━━━━━━━━━━━━━━━━━━━━━ 217.9/217.9 kB 11.7 MB/s eta 0:00:00
Downloading h11-0.16.0-py3-none-any.whl (37 kB)
Downloading pyasn1-0.6.4-py3-none-any.whl (84 kB)
   ━━━━━━━━━━━━━━━━━━━━━━━━━━━━━━━━━━━━━━━━ 84.4/84.4 kB 6.3 MB/s eta 0:00:00
Downloading pycparser-3.0-py3-none-any.whl (48 kB)
   ━━━━━━━━━━━━━━━━━━━━━━━━━━━━━━━━━━━━━━━━ 48.2/48.2 kB 3.0 MB/s eta 0:00:00
Installing collected packages: websockets, urllib3, typing-extensions, tenacity, sniffio, python-dotenv, pycparser, pyasn1, propcache, multidict, idna, h11, frozenlist, distro, charset_normalizer, certifi, attrs, annotated-types, aiohappyeyeballs, yarl, typing-inspection, requests, pydantic-core, pyasn1-modules, httpcore, cffi, anyio, aiosignal, pydantic, httpx, cryptography, aiohttp, google-auth, discord.py, google-genai
Successfully installed aiohappyeyeballs-2.7.1 aiohttp-3.14.3 aiosignal-1.4.0 annotated-types-0.8.0 anyio-4.14.2 attrs-26.1.0 certifi-2026.7.22 cffi-2.1.0 charset_normalizer-3.4.9 cryptography-50.0.0 discord.py-2.7.1 distro-1.9.0 frozenlist-1.8.0 google-auth-2.56.2 google-genai-2.16.0 h11-0.16.0 httpcore-1.0.9 httpx-0.28.1 idna-3.18 multidict-6.7.1 propcache-0.5.2 pyasn1-0.6.4 pyasn1-modules-0.4.2 pycparser-3.0 pydantic-2.13.4 pydantic-core-2.46.4 python-dotenv-1.2.2 requests-2.34.2 sniffio-1.3.1 tenacity-9.1.4 typing-extensions-4.16.0 typing-inspection-0.4.2 urllib3-2.7.0 websockets-16.1.1 yarl-1.24.5

[notice] A new release of pip is available: 24.0 -> 26.2
[notice] To update, run: pip install --upgrade pip
Checking environment...
/workspaces/GraviOtter
-rw-rw-rw- 1 vscode vscode 20426 Aug  2 15:03 main.py
Python 3.11.15
Launching background loop...
Background job launched. Current jobs:
[1]+  1088 Running                 nohup bash -c 'while true; do echo "[$(date)] Starting python3..."; python3 -u main.py; echo "[$(date)] Bot crashed/exited. Restarting in 3 sec..."; sleep 3; done' > bot.log 2>&1 < /dev/null &
--- post-start.sh finished ---
